<?xml version="1.0" encoding="utf-8"?><testsuites name="pytest tests"><testsuite name="pytest" errors="0" failures="0" skipped="0" tests="61" time="4.841" timestamp="2026-10-06T00:39:40.078786+05:30" hostname="DESKTOP-2JH04SO"><testcase classname="tests.test_api_resilience" name="test_required_fields_never_turn_malformed_requests_into_500[opened_at-None]" time="0.986" /><testcase classname="tests.test_api_resilience" name="test_required_fields_never_turn_malformed_requests_into_500[opened_at-]" time="0.003" /><testcase classname="tests.test_api_resilience" name="test_required_fields_never_turn_malformed_requests_into_500[contact_type-None]" time="0.002" /><testcase classname="tests.test_api_resilience" name="test_required_fields_never_turn_malformed_requests_into_500[impact-None]" time="0.002" /><testcase classname="tests.test_api_resilience" name="test_required_fields_never_turn_malformed_requests_into_500[urgency-None]" time="0.003" /><testcase classname="tests.test_api_resilience" name="test_required_fields_never_turn_malformed_requests_into_500[priority-None]" time="0.002" /><testcase classname="tests.test_api_resilience" name="test_invalid_values_return_actionable_client_errors[impact-critical]" time="0.002" /><testcase classname="tests.test_api_resilience" name="test_invalid_values_return_actionable_client_errors[urgency-urgent]" time="0.001" /><testcase classname="tests.test_api_resilience" name="test_invalid_values_return_actionable_client_errors[priority-P0]" time="0.003" /><testcase classname="tests.test_api_resilience" name="test_invalid_values_return_actionable_client_errors[opened_at-2024-02-30 12:00:00]" time="0.003" /><testcase classname="tests.test_api_resilience" name="test_invalid_values_return_actionable_client_errors[opened_at-not-a-date]" time="0.002" /><testcase classname="tests.test_api_resilience" name="test_optional_categorical_fields_can_be_null" time="0.056" /><testcase classname="tests.test_api_resilience" name="test_unseen_and_whitespace_categories_do_not_crash_inference" time="0.033" /><testcase classname="tests.test_api_resilience" name="test_extra_request_fields_do_not_change_prediction_contract" time="0.034" /><testcase classname="tests.test_api_resilience" name="test_repeated_identical_requests_are_stable_except_timing" time="0.151" /><testcase classname="tests.test_predictor_resilience" name="test_engineer_features_rejects_unsupported_input_types[None]" time="0.001" /><testcase classname="tests.test_predictor_resilience" name="test_engineer_features_rejects_unsupported_input_types[bad_input1]" time="0.001" /><testcase classname="tests.test_predictor_resilience" name="test_engineer_features_rejects_unsupported_input_types[ticket]" time="0.001" /><testcase classname="tests.test_predictor_resilience" name="test_engineer_features_rejects_unsupported_input_types[123]" time="0.001" /><testcase classname="tests.test_predictor_resilience" name="test_engineer_features_rejects_empty_dataframe" time="0.001" /><testcase classname="tests.test_predictor_resilience" name="test_feature_engineering_rejects_invalid_values_without_partial_output[opened_at-None]" time="0.001" /><testcase classname="tests.test_predictor_resilience" name="test_feature_engineering_rejects_invalid_values_without_partial_output[opened_at- ]" time="0.001" /><testcase classname="tests.test_predictor_resilience" name="test_feature_engineering_rejects_invalid_values_without_partial_output[opened_at-2024-13-40]" time="0.001" /><testcase classname="tests.test_predictor_resilience" name="test_feature_engineering_rejects_invalid_values_without_partial_output[impact-4 - Extreme]" time="0.002" /><testcase classname="tests.test_predictor_resilience" name="test_feature_engineering_rejects_invalid_values_without_partial_output[urgency-0 - None]" time="0.001" /><testcase classname="tests.test_predictor_resilience" name="test_feature_engineering_rejects_invalid_values_without_partial_output[priority-5 - Lowest]" time="0.001" /><testcase classname="tests.test_predictor_resilience" name="test_missing_nominal_values_are_imputed_by_the_pipeline" time="0.031" /><testcase classname="tests.test_predictor_resilience" name="test_dataframe_input_uses_first_row_and_returns_normal_contract" time="0.034" /><testcase classname="tests.test_predictor_resilience" name="test_prediction_result_has_finite_values" time="0.030" /><testcase classname="tests.test_api" name="test_root_endpoint" time="0.745" /><testcase classname="tests.test_api" name="test_health_check_endpoint" time="0.001" /><testcase classname="tests.test_api" name="test_predict_endpoint_valid_payload" time="0.031" /><testcase classname="tests.test_api" name="test_predict_endpoint_missing_optional_fields" time="0.031" /><testcase classname="tests.test_api" name="test_predict_endpoint_unseen_categories" time="0.032" /><testcase classname="tests.test_api" name="test_predict_missing_required_opened_at" time="0.002" /><testcase classname="tests.test_api" name="test_predict_missing_required_contact_type" time="0.001" /><testcase classname="tests.test_api" name="test_predict_missing_required_impact" time="0.002" /><testcase classname="tests.test_api" name="test_predict_missing_required_urgency" time="0.002" /><testcase classname="tests.test_api" name="test_predict_missing_required_priority" time="0.002" /><testcase classname="tests.test_api" name="test_predict_invalid_impact_enum" time="0.002" /><testcase classname="tests.test_api" name="test_predict_invalid_urgency_enum" time="0.002" /><testcase classname="tests.test_api" name="test_predict_invalid_priority_enum" time="0.002" /><testcase classname="tests.test_api" name="test_predict_invalid_datetime_string" time="0.002" /><testcase classname="tests.test_api" name="test_health_check_degraded_when_artifacts_not_loaded" time="0.002" /><testcase classname="tests.test_api" name="test_predict_internal_server_error_sanitization" time="0.004" /><testcase classname="tests.test_predictor" name="test_artifact_loading" time="0.001" /><testcase classname="tests.test_predictor" name="test_feature_engineering_structure_and_shape" time="0.003" /><testcase classname="tests.test_predictor" name="test_datetime_feature_engineering_known_values" time="0.003" /><testcase classname="tests.test_predictor" name="test_weekend_feature_detection" time="0.008" /><testcase classname="tests.test_predictor" name="test_ordinal_mappings" time="0.018" /><testcase classname="tests.test_predictor" name="test_preprocessing_integrity" time="0.013" /><testcase classname="tests.test_predictor" name="test_model_pipeline_feature_compatibility" time="0.001" /><testcase classname="tests.test_predictor" name="test_real_prediction_contract" time="0.031" /><testcase classname="tests.test_predictor" name="test_missing_optional_categorical_fields" time="0.030" /><testcase classname="tests.test_predictor" name="test_unseen_categorical_values" time="0.033" /><testcase classname="tests.test_predictor" name="test_invalid_datetime_none_raises_value_error" time="0.001" /><testcase classname="tests.test_predictor" name="test_invalid_datetime_empty_string_raises_value_error" time="0.001" /><testcase classname="tests.test_predictor" name="test_invalid_datetime_unparseable_string_raises_value_error" time="0.001" /><testcase classname="tests.test_predictor" name="test_invalid_impact_raises_value_error" time="0.001" /><testcase classname="tests.test_predictor" name="test_invalid_urgency_raises_value_error" time="0.001" /><testcase classname="tests.test_predictor" name="test_invalid_priority_raises_value_error" time="0.002" /></testsuite></testsuites>